[colab] Parsing notebook '/home/kurt/colab-runs/yolox-x-detection-pipeline-d2b0bb2-8e69d7/yolox_x_detection_finetune_colab_d2b0bb2_colab-cli-t4.ipynb'...
[colab] Executing cell 1/24 - Infrastructure: install the locked runtime into an isolated environment...
{'isolated_environment': '/content/dimer_isolated_env', 'isolated_python': '3.12.12', 'kernel_python': '3.13.15', 'locked_packages': 32, 'setup_seconds': 51}
[colab] Executing cell 2/24 - Route the remaining cells to the isolated environment...
Every later code cell now runs in /content/dimer_isolated_env/bin/python (pid 1347).
[colab] Executing cell 3/24 - Infrastructure: record the pinned runtime and the notebook source...
{'notebook_source': {'repository': 'yolox-x-detection-pipeline', 'repository_revision': 'a16f3b9435ca45f280dc31757df52e881e424661', 'embedded_module': 'src/yolox_x_detection_pipeline/pipeline.py', 'embedded_modules': ['src/yolox_x_detection_pipeline/coco_classes.py', 'src/yolox_x_detection_pipeline/losses.py', 'src/yolox_x_detection_pipeline/network_blocks.py', 'src/yolox_x_detection_pipeline/ops.py', 'src/yolox_x_detection_pipeline/samples.py', 'src/yolox_x_detection_pipeline/darknet.py', 'src/yolox_x_detection_pipeline/pipeline.py', 'src/yolox_x_detection_pipeline/yolo_head.py', 'src/yolox_x_detection_pipeline/yolo_pafpn.py', 'src/yolox_x_detection_pipeline/yolox.py'], 'module_sha256': 'a38e5129535135d504c97ff93455852a79c7ed3db2bade8b1046f3685f350c52', 'generator': 'build_notebook.py/2.1-swc-yolox', 'notebook_spec': '2.2'}, 'python': '3.12.12', 'torch': '2.14.0+cu130', 'torchvision': '0.29.0+cu130', 'numpy': '2.5.3', 'cuda': True}
[colab] Executing cell 4/24 - yolox_x_detection-12...
[colab] Executing cell 5/24 - yolox_x_detection-14...
[colab] Executing cell 6/24 - yolox_x_detection-16...
[colab] Executing cell 7/24 - yolox_x_detection-18...
[colab] Executing cell 8/24 - yolox_x_detection-20...
[colab] Executing cell 9/24 - yolox_x_detection-22...
[colab] Executing cell 10/24 - yolox_x_detection-24...
[colab] Executing cell 11/24 - yolox_x_detection-26...
[colab] Executing cell 12/24 - yolox_x_detection-28...
[colab] Executing cell 13/24 - yolox_x_detection-30...
[colab] Executing cell 14/24 - Infrastructure: pin, stage and verify the model...
{'model_id': 'Megvii-BaseDetection/YOLOX', 'revision': '0.1.1rc0', 'license': 'apache-2.0', 'files': 1, 'total_bytes': 793463373}
{'weights_dir': '/content/weights/yolox-x', 'fetched': ['yolox_x.pth']}
{'verified_files': 1, 'revision': '0.1.1rc0'}
{'device': 'cuda:0', 'source': 'local-snapshot'}
[colab] Executing cell 15/24 - yolox_x_detection-34...
{'sample_kind': 'synthetic', 'size': [640, 640], 'sha256': '173d4d5e8473ad4f', 'references': {'stop sign': 1, 'traffic light': 1, 'clock': 1, 'sports ball': 1, 'bench': 1}}
{'verdict': 'accepted', 'findings': [], 'inputs': [{'id': 'tutorial-scene', 'mode': 'RGB', 'size': [640, 640]}]}
     stop sign 0.964  [55, 135, 185, 267]
         clock 0.946  [460, 131, 602, 271]
 traffic light 0.926  [299, 120, 357, 253]
         bench 0.656  [440, 499, 614, 584]
{'verdict': 'sample-sanity', 'n_detections': 4}
         stop sign-0  box_iou 0.974  same-label detections 1
     traffic light-0  box_iou 0.943  same-label detections 1
             clock-0  box_iou 0.975  same-label detections 1
       sports ball-0  box_iou 0.000  same-label detections 0
             bench-0  box_iou 0.918  same-label detections 1
4/5 drawn objects matched at IoU >= 0.5
<PIL.Image.Image image mode=RGB size=640x640 at 0x7EFAD8A15F70>

[Image saved to: /tmp/tmp8nskn917.png]
[colab] Executing cell 16/24 - yolox_x_detection-36...
BGR (upstream order): [('stop sign', 0.964), ('clock', 0.946), ('traffic light', 0.926), ('bench', 0.656)]
RGB (the mistake)   : [('stop sign', 0.965), ('clock', 0.946), ('traffic light', 0.927)]
{
  "blank": {
    "at_demo_thresholds": 0,
    "at_evaluation_thresholds": 0,
    "top": []
  },
  "noise": {
    "at_demo_thresholds": 0,
    "at_evaluation_thresholds": 2,
    "top": [
      [
        "potted plant",
        0.076
      ],
      [
        "vase",
        0.057
      ]
    ]
  }
}
[colab] Executing cell 17/24 - yolox_x_detection-38...
{
  "class_names": [
    "stop-sign",
    "yield-sign",
    "speed-limit-sign"
  ],
  "n_images": 40,
  "n_boxes": 82,
  "boxes_per_class": {
    "stop-sign": 21,
    "yield-sign": 34,
    "speed-limit-sign": 27
  },
  "epochs": 6,
  "verdict": "accepted",
  "findings": [],
  "model_id": "Megvii-BaseDetection/YOLOX",
  "model_revision": "0.1.1rc0"
}

record shape expected by finetune: a mapping with 'image' (PIL.Image.Image), 'boxes' (list of xyxy pixel boxes in that image's own coordinates) and 'labels' (list of class names, one per box, drawn from class_names)
COCO classes the pretrained model knows : ['stop sign', 'clock']
adaptation vocabulary (not COCO)        : ['stop-sign', 'yield-sign', 'speed-limit-sign']

first six images, and the labels of the first: ['yield-sign']
<PIL.Image.Image image mode=RGB size=480x320 at 0x7EFAD85212B0>

[Image saved to: /tmp/tmphe7dg9g_.png]
[colab] Executing cell 18/24 - yolox_x_detection-40...
{'train': 30, 'held_out': 10, 'train_boxes': 61, 'held_out_boxes': 21}
{'class_names': ['stop-sign', 'yield-sign', 'speed-limit-sign'], 'device': 'cuda:0', 'adapted': False}
tensors that could not transfer from the COCO checkpoint:
    head.cls_preds.0.bias
    head.cls_preds.0.weight
    head.cls_preds.1.bias
    head.cls_preds.1.weight
    head.cls_preds.2.bias
    head.cls_preds.2.weight
{
  "ap": 0.0384,
  "ap50": 0.0384,
  "per_class_ap50": {
    "stop-sign": 0.0,
    "yield-sign": 0.0,
    "speed-limit-sign": 0.1151
  },
  "n_references": 21,
  "max_detections": 100
}
[colab] Executing cell 19/24 - yolox_x_detection-42...
<isolated cell 9>:488: FutureWarning: `torch.cuda.amp.autocast(args...)` is deprecated. Please use `torch.amp.autocast('cuda', args...)` instead.
  with torch.cuda.amp.autocast(enabled=False):
epoch 1/6  steps 15  total 5.6956  iou 1.7635  conf 2.0544  cls 1.8777  l1 0.0000  num_fg 7.73
epoch 2/6  steps 15  total 3.5334  iou 1.7765  conf 1.0110  cls 0.7460  l1 0.0000  num_fg 7.64
epoch 3/6  steps 15  total 2.4335  iou 1.3243  conf 0.5658  cls 0.5434  l1 0.0000  num_fg 7.99
epoch 4/6  steps 15  total 2.1042  iou 1.2184  conf 0.4065  cls 0.4793  l1 0.0000  num_fg 8.11
epoch 5/6  steps 15  total 1.8066  iou 1.0447  conf 0.3462  cls 0.4157  l1 0.0000  num_fg 8.45
epoch 6/6  steps 15  total 1.6057  iou 0.9232  conf 0.3333  cls 0.3492  l1 0.0000  num_fg 8.68
{
  "optimizer": "SGD(momentum=0.9, weight_decay=5e-4)",
  "loss": "upstream YOLOXHead SimOTA (IoU + objectness + classification)",
  "use_l1": false,
  "freeze_backbone": true,
  "trainable_parameters": 11793304,
  "total_parameters": 98997304,
  "epochs": 6,
  "batch_size": 2,
  "learning_rate": 0.001,
  "seed": 0
}
total_loss 5.6956 -> 1.6057 over 6 epochs in 19.2 s
[colab] Executing cell 20/24 - yolox_x_detection-44...
{
  "ap": 0.8974,
  "ap50": 1.0,
  "ap75": 1.0,
  "per_class_ap50": {
    "stop-sign": 1.0,
    "yield-sign": 1.0,
    "speed-limit-sign": 1.0
  },
  "threshold": 0.01,
  "nms_threshold": 0.65,
  "max_detections": 100,
  "n_images": 10,
  "n_references": 21
}

metric       baseline    adapted     change
ap             0.0384     0.8974    +0.8590
ap50           0.0384     1.0000    +0.9616

implementation note: package-local average_precision: COCO matching and 101-point interpolation, without pycocotools' area ranges, detection cap or crowd handling — not comparable to published COCO numbers
run 1: {'freeze_backbone': True, 'epochs': 6, 'learning_rate': 0.001, 'ap': 0.8974, 'ap50': 1.0, 'finetune_seconds': 19.2}
[colab] Executing cell 21/24 - yolox_x_detection-46...
{"image": 0, "truth": ["yield-sign", "yield-sign"], "detections": [["yield-sign", 0.946], ["yield-sign", 0.934]], "same_label_iou": [0.946, 0.945]}
{"image": 1, "truth": ["speed-limit-sign", "yield-sign"], "detections": [["speed-limit-sign", 0.968], ["yield-sign", 0.953]], "same_label_iou": [0.946, 0.899]}
{"image": 2, "truth": ["stop-sign"], "detections": [["stop-sign", 0.976]], "same_label_iou": [0.82]}
<PIL.Image.Image image mode=RGB size=640x214 at 0x7EFAD8B6DA00>

[Image saved to: /tmp/tmpitr8eb7k.png]
[colab] Executing cell 22/24 - yolox_x_detection-48...
{
  "path": "outputs/yolox-x-detection-adapter.pt",
  "bytes": 396692619,
  "sha256": "b4d1803d35365262fa4f0f0aa41a12c95b05f841f8ef8e3a27b91fb14cc49804",
  "format": "dimer-yolox-detection-adapter/1",
  "class_names": [
    "stop-sign",
    "yield-sign",
    "speed-limit-sign"
  ],
  "tensors": 894,
  "model_id": "Megvii-BaseDetection/YOLOX",
  "model_revision": "0.1.1rc0"
}
{'source': 'artifact:yolox-x-detection-adapter.pt', 'class_names': ['stop-sign', 'yield-sign', 'speed-limit-sign'], 'adapted': True}
{'reloaded_ap': 0.8974, 'reloaded_ap50': 1.0}
fresh reload reproduces the adapted scores exactly
tampered artifact refused -> artifact format 'not-a-dimer-artifact/9' != 'dimer-yolox-detection-adapter/1'
[colab] Executing cell 23/24 - yolox_x_detection-50...
{'written': 'outputs/yolox_x_detection_results.json', 'bytes': 18483, 'artifact': 'outputs/yolox-x-detection-adapter.pt'}
['yolox-x-detection-adapter.pt', 'yolox_x_detection_results.json']
[colab] Executing cell 24/24 - yolox_x_detection-52...
refused an image that is not a PIL image -> TypeError: image must be a PIL.Image.Image, got str
refused a box outside its image -> ValueError: record 0: box [0, 0, 9999, 10] falls outside the 640x640 image
BYOD image branch is off; set USE_BYOD_IMAGE = True (and optionally BYOD_IMAGE_PATH) and re-run this cell.
BYOD dataset branch is off; set USE_BYOD_DATASET = True and BYOD_DATASET_DIR (or upload), then re-run this cell.
[colab] Saving notebook with outputs to '/home/kurt/colab-runs/yolox-x-detection-pipeline-d2b0bb2-8e69d7/yolox_x_detection_finetune_colab_d2b0bb2_colab-cli-t4_output.ipynb'...
